/Users/artjomkurapov/git/rebel-reval/tools/generate_medieval_storage_furniture.py:80: DeprecationWarning: 'Material.use_nodes' is expected to be removed in Blender 6.0
  material.use_nodes = True
/Users/artjomkurapov/git/rebel-reval/tools/generate_medieval_storage_furniture.py:80: DeprecationWarning: 'Material.use_nodes' is expected to be removed in Blender 6.0
  material.use_nodes = True
INFO Draco is available, use library at /Applications/Blender.app/Contents/Resources/5.2/scripts/addons_core/io_scene_gltf2/libbf_intern_draco_bridge.dylib
INFO MeshOptimizer is available, use library at /Applications/Blender.app/Contents/Resources/5.2/scripts/addons_core/io_scene_gltf2/libbf_intern_meshopt_bridge.dylib
14:23:47 | INFO: Starting glTF 2.0 export
14:23:47 | INFO: Extracting primitive: CommonOpenRackMeshGeometry
14:23:47 | WARNING: CommonOpenRackMeshGeometry: Could not calculate tangents. Please try to triangulate the mesh first.
14:23:47 | INFO: Primitives created: 2
14:23:47 | INFO: Finished glTF 2.0 export in 0.0067136287689208984 s
/Users/artjomkurapov/git/rebel-reval/tools/generate_medieval_storage_furniture.py:437: DeprecationWarning: 'Material.use_nodes' is expected to be removed in Blender 6.0
  if material is not None and material.use_nodes:

Warning: CommonOpenRackMeshGeometry: Could not calculate tangents. Please try to triangulate the mesh first.
14:23:47 | INFO: Starting glTF 2.0 export
14:23:47 | INFO: Extracting primitive: BurgherCupboardMeshGeometry
14:23:47 | WARNING: BurgherCupboardMeshGeometry: Could not calculate tangents. Please try to triangulate the mesh first.
14:23:47 | INFO: Primitives created: 3
14:23:47 | INFO: Finished glTF 2.0 export in 0.004548072814941406 s

Warning: BurgherCupboardMeshGeometry: Could not calculate tangents. Please try to triangulate the mesh first.
14:23:47 | INFO: Starting glTF 2.0 export
14:23:47 | INFO: Extracting primitive: EliteArmariumMeshGeometry
14:23:47 | WARNING: EliteArmariumMeshGeometry: Could not calculate tangents. Please try to triangulate the mesh first.
14:23:47 | INFO: Primitives created: 3
14:23:47 | INFO: Finished glTF 2.0 export in 0.004431009292602539 s
00:01.634  render           | Saved: '/Users/artjomkurapov/git/rebel-reval/generated/blender/medieval_storage_furniture_v1/preview.png'

Warning: EliteArmariumMeshGeometry: Could not calculate tangents. Please try to triangulate the mesh first.
ASSET_METRICS={"preview":"/Users/artjomkurapov/git/rebel-reval/generated/blender/medieval_storage_furniture_v1/preview.png","variants":{"shelf.burgher_cupboard":{"dimensions_m":[1.2,0.6507,1.52],"sha256":"db62a4ea9223ca64fb8624e4cf2025589c4f02c4c21dd845df7b324538a3b3bf","triangles":1796},"shelf.common_open":{"dimensions_m":[0.98,0.47,1.4],"sha256":"722bb031f67adba5034a647a3cf704895a868daf81d656c64aeb19dfae3b4f75","triangles":852},"shelf.elite_armarium":{"dimensions_m":[1.46,0.8207,1.9775],"sha256":"e4e379b5ab048c9ec7e2bcb16cd267765110850cec5404c6fd2e8ae17a170daf","triangles":2236}}}
Blender 5.2.0 LTS (hash fbe6228777e7 built 2026-07-14 01:31:22)

Blender quit
