01:34:47 | INFO: Data are loaded, start creating Blender stuff
01:34:47 | INFO: Blender create Mesh node 0
01:34:47 | INFO: glTF import finished in 0.11s
/Users/artjomkurapov/git/rebel-reval/tools/assets/build_medieval_animal_models.py:250: DeprecationWarning: 'Material.use_nodes' is expected to be removed in Blender 6.0
  material.use_nodes = True
INFO Draco is available, use library at /Applications/Blender.app/Contents/Resources/5.2/scripts/addons_core/io_scene_gltf2/libbf_intern_draco_bridge.dylib
INFO MeshOptimizer is available, use library at /Applications/Blender.app/Contents/Resources/5.2/scripts/addons_core/io_scene_gltf2/libbf_intern_meshopt_bridge.dylib
01:34:48 | INFO: Starting glTF 2.0 export
01:34:48 | INFO: Extracting primitive: Mesh_0
01:34:48 | INFO: Primitives created: 1
01:34:48 | INFO: Finished glTF 2.0 export in 0.013304710388183594 s

ASSET_METRICS={"asset":"cattle","triangles":8000,"components":1,"dimensions_m":[2.2,1.45,0.82],"sha256":"3af5dfcdb55513025e825fce437fb10d5d811fa80c6d45ec50b68d636adfb94f"}
01:34:48 | INFO: Data are loaded, start creating Blender stuff
01:34:48 | INFO: Blender create Mesh node 0
01:34:48 | INFO: glTF import finished in 0.10s
01:34:49 | INFO: Starting glTF 2.0 export
01:34:49 | INFO: Extracting primitive: Mesh_0
01:34:49 | INFO: Primitives created: 1
01:34:49 | INFO: Finished glTF 2.0 export in 0.007027149200439453 s

ASSET_METRICS={"asset":"sheep","triangles":6000,"components":1,"dimensions_m":[1.25,0.9,0.55],"sha256":"3aa7cbf80b5987aafa938d9875c405a584a25358dcb9eea53e756287c830fd70"}
01:34:50 | INFO: Data are loaded, start creating Blender stuff
01:34:50 | INFO: Blender create Mesh node 0
01:34:50 | INFO: glTF import finished in 0.20s
01:34:51 | INFO: Starting glTF 2.0 export
01:34:51 | INFO: Extracting primitive: Mesh_0
01:34:51 | INFO: Primitives created: 1
01:34:51 | INFO: Finished glTF 2.0 export in 0.010164976119995117 s

ASSET_METRICS={"asset":"pack_horse","triangles":10000,"components":9,"dimensions_m":[2.35,1.65,0.78],"sha256":"d3f7d1ce338a779d72cefd8df9da0c8aaf28e96d79d927550525e00db61c8380"}
Blender 5.2.0 LTS (hash fbe6228777e7 built 2026-07-14 01:31:22)

Blender quit
