01:45:13 | INFO: Data are loaded, start creating Blender stuff
01:45:13 | INFO: Blender create Mesh node 0
01:45:13 | INFO: glTF import finished in 0.12s
/Users/artjomkurapov/git/rebel-reval/tools/assets/build_medieval_animal_models.py:250: DeprecationWarning: 'Material.use_nodes' is expected to be removed in Blender 6.0
  material.use_nodes = True
INFO Draco is available, use library at /Applications/Blender.app/Contents/Resources/5.2/scripts/addons_core/io_scene_gltf2/libbf_intern_draco_bridge.dylib
INFO MeshOptimizer is available, use library at /Applications/Blender.app/Contents/Resources/5.2/scripts/addons_core/io_scene_gltf2/libbf_intern_meshopt_bridge.dylib
01:45:14 | INFO: Starting glTF 2.0 export
01:45:14 | INFO: Extracting primitive: Mesh_0
01:45:14 | INFO: Primitives created: 1
01:45:14 | INFO: Finished glTF 2.0 export in 0.010012149810791016 s

ASSET_METRICS={"asset":"cattle","triangles":8000,"components":1,"dimensions_m":[2.2,1.45,0.82],"sha256":"3af5dfcdb55513025e825fce437fb10d5d811fa80c6d45ec50b68d636adfb94f"}
01:45:14 | INFO: Data are loaded, start creating Blender stuff
01:45:14 | INFO: Blender create Mesh node 0
01:45:15 | INFO: glTF import finished in 0.09s
01:45:15 | INFO: Starting glTF 2.0 export
01:45:15 | INFO: Extracting primitive: Mesh_0
01:45:15 | INFO: Primitives created: 1
01:45:15 | INFO: Finished glTF 2.0 export in 0.006462812423706055 s

ASSET_METRICS={"asset":"sheep","triangles":6000,"components":1,"dimensions_m":[1.25,0.9,0.55],"sha256":"3aa7cbf80b5987aafa938d9875c405a584a25358dcb9eea53e756287c830fd70"}
01:45:15 | INFO: Data are loaded, start creating Blender stuff
01:45:15 | INFO: Blender create Mesh node 0
01:45:16 | INFO: glTF import finished in 0.16s
01:45:17 | INFO: Starting glTF 2.0 export
01:45:17 | INFO: Extracting primitive: Mesh_0
01:45:17 | INFO: Primitives created: 1
01:45:17 | INFO: Finished glTF 2.0 export in 0.0043370723724365234 s

ASSET_METRICS={"asset":"pack_horse","triangles":3928,"components":8,"dimensions_m":[2.35,1.65,0.78],"sha256":"b14afa20cfd9fe1d53a5dbae4806b75bf0f81fe1894c95f366871a748fc84a50"}
Blender 5.2.0 LTS (hash fbe6228777e7 built 2026-07-14 01:31:22)

Blender quit
