Godot Engine v4.7.1.stable.official.a13da4feb - https://godotengine.org

[   0% ] [90m[1mfirst_scan_filesystem[22m | Started Project initialization (5 steps)[39m[0m
[   0% ] [90m[1mfirst_scan_filesystem[22m | Scanning file structure...[39m[0m
WARNING: Detected another project.godot at res://generated/comfyui/forge_cat_hunyuan3d_v1/production/godot_verify. The folder will be ignored.
     at: _should_skip_directory (editor/file_system/editor_file_system.cpp:3497)
[  16% ] [90m[1mfirst_scan_filesystem[22m | Loading global class names...[39m[0m
[  33% ] [90m[1mfirst_scan_filesystem[22m | Verifying GDExtensions...[39m[0m
[  50% ] [90m[1mfirst_scan_filesystem[22m | Creating autoload scripts...[39m[0m
[  66% ] [90m[1mfirst_scan_filesystem[22m | Initializing plugins...[39m[0m
[  83% ] [90m[1mfirst_scan_filesystem[22m | Starting file scan...[39m[0m
[92m[ DONE ][39m [1mfirst_scan_filesystem[22m
[0m
[   0% ] [90m[1mupdate_scripts_classes[22m | Started Registering global classes... (2 steps)[39m[0m
[   0% ] [90m[1mupdate_scripts_classes[22m | MapViewMaterialShaders[39m[0m
[  33% ] [90m[1mupdate_scripts_classes[22m | [39m[0m
[92m[ DONE ][39m [1mupdate_scripts_classes[22m
[0m
[   0% ] [90m[1m_update_scan_actions[22m | Started Scanning actions... (30 steps)[39m[0m
[   0% ] [90m[1m_update_scan_actions[22m | medieval_cattle.glb[39m[0m
[   3% ] [90m[1m_update_scan_actions[22m | medieval_pack_horse.glb[39m[0m
[   6% ] [90m[1m_update_scan_actions[22m | medieval_sheep.glb[39m[0m
[   9% ] [90m[1m_update_scan_actions[22m | SOURCES.csv[39m[0m
[  12% ] [90m[1m_update_scan_actions[22m | cattle_albedo.png[39m[0m
[  16% ] [90m[1m_update_scan_actions[22m | pack_horse_albedo.png[39m[0m
[  19% ] [90m[1m_update_scan_actions[22m | sheep_albedo.png[39m[0m
[  22% ] [90m[1m_update_scan_actions[22m | Ambush on Pikk Street (1).mp3[39m[0m
[  25% ] [90m[1m_update_scan_actions[22m | Ambush on Pikk Street.mp3[39m[0m
[  29% ] [90m[1m_update_scan_actions[22m | Baltic Tempest (1).mp3[39m[0m
[  32% ] [90m[1m_update_scan_actions[22m | Baltic Tempest (2).mp3[39m[0m
[  35% ] [90m[1m_update_scan_actions[22m | Baltic Tempest.mp3[39m[0m
[  38% ] [90m[1m_update_scan_actions[22m | Battle for Oleviste.mp3[39m[0m
[  41% ] [90m[1m_update_scan_actions[22m | Blackheads' Charge (1).mp3[39m[0m
[  45% ] [90m[1m_update_scan_actions[22m | Blackheads' Charge.mp3[39m[0m
[  48% ] [90m[1m_update_scan_actions[22m | Clash on the Docks.mp3[39m[0m
[  51% ] [90m[1m_update_scan_actions[22m | Defense of the Town Hall.mp3[39m[0m
[  54% ] [90m[1m_update_scan_actions[22m | Market Mayhem.mp3[39m[0m
[  58% ] [90m[1m_update_scan_actions[22m | Riot in the Square.mp3[39m[0m
[  61% ] [90m[1m_update_scan_actions[22m | Sacking the Nunnery (1).mp3[39m[0m
[  64% ] [90m[1m_update_scan_actions[22m | Sacking the Nunnery.mp3[39m[0m
[  67% ] [90m[1m_update_scan_actions[22m | The Blackheads' Oath.mp3[39m[0m
[  70% ] [90m[1m_update_scan_actions[22m | The Festival of St. John.mp3[39m[0m
[  74% ] [90m[1m_update_scan_actions[22m | The Guild War.mp3[39m[0m
[  77% ] [90m[1m_update_scan_actions[22m | The Guilds at War (1).mp3[39m[0m
[  80% ] [90m[1m_update_scan_actions[22m | The Guilds at War.mp3[39m[0m
[  83% ] [90m[1m_update_scan_actions[22m | great_spotted_woodpecker_XC995604.mp3[39m[0m
[  87% ] [90m[1m_update_scan_actions[22m | osprey_XC1090078.mp3[39m[0m
[  90% ] [90m[1m_update_scan_actions[22m | rook_XC1148742.mp3[39m[0m
[  93% ] [90m[1m_update_scan_actions[22m | western_jackdaw_XC842238.mp3[39m[0m
[92m[ DONE ][39m [1m_update_scan_actions[22m
[0m
[   0% ] [90m[1mreimport[22m | Started (Re)Importing Assets (1 steps)[39m[0m
[   0% ] [90m[1mreimport[22m | Preparing files to reimport...[39m[0m
[   0% ] [90m[1mreimport[22m | Executing pre-reimport operations...[39m[0m
[   0% ] [90m[1mreimport[22m | SOURCES.csv[39m[0m
[  50% ] [90m[1mreimport[22m | Finalizing Asset Import...[39m[0m
[92m[ DONE ][39m [1mreimport[22m
[0m
[   0% ] [90m[1mreimport[22m | Started (Re)Importing Assets (1 steps)[39m[0m
[   0% ] [90m[1mreimport[22m | Executing post-reimport operations...[39m[0m
[92m[ DONE ][39m [1mreimport[22m
[0m
[   0% ] [90m[1mloading_editor_layout[22m | Started Loading editor (5 steps)[39m[0m
[   0% ] [90m[1mloading_editor_layout[22m | Loading editor layout...[39m[0m
[  16% ] [90m[1mloading_editor_layout[22m | Loading docks...[39m[0m
[  33% ] [90m[1mloading_editor_layout[22m | Reopening scenes...[39m[0m
[  50% ] [90m[1mloading_editor_layout[22m | Loading central editor layout...[39m[0m
[  66% ] [90m[1mloading_editor_layout[22m | Loading plugin window layout...[39m[0m
[  83% ] [90m[1mloading_editor_layout[22m | Editor layout ready.[39m[0m
[92m[ DONE ][39m [1mloading_editor_layout[22m
[0m
