16:02:48 | INFO: Data are loaded, start creating Blender stuff
16:02:48 | INFO: Blender create Mesh node Object_0
16:02:48 | INFO: glTF import finished in 0.01s
/Users/artjomkurapov/git/rebel-reval/tools/assets/build_medieval_animal_models.py:328: DeprecationWarning: 'Material.use_nodes' is expected to be removed in Blender 6.0
  material.use_nodes = True
/Users/artjomkurapov/git/rebel-reval/tools/assets/build_medieval_animal_models.py:363: DeprecationWarning: 'Material.use_nodes' is expected to be removed in Blender 6.0
  material.use_nodes = True
/Users/artjomkurapov/git/rebel-reval/tools/assets/build_medieval_animal_models.py:429: DeprecationWarning: 'Material.use_nodes' is expected to be removed in Blender 6.0
  material.use_nodes = True
Info: Baking map saved to internal image, save it externally or pack it
Info: No active image found in material slot (0) for object "AnimalMesh"
INFO Draco is available, use library at /Applications/Blender.app/Contents/Resources/5.2/scripts/addons_core/io_scene_gltf2/libbf_intern_draco_bridge.dylib
INFO MeshOptimizer is available, use library at /Applications/Blender.app/Contents/Resources/5.2/scripts/addons_core/io_scene_gltf2/libbf_intern_meshopt_bridge.dylib
16:02:50 | INFO: Starting glTF 2.0 export
16:02:50 | INFO: Extracting primitive: Sphere
16:02:50 | INFO: Primitives created: 1
16:02:50 | INFO: Extracting primitive: Sphere.011
16:02:50 | INFO: Primitives created: 1
16:02:50 | INFO: Extracting primitive: Sphere.012
16:02:50 | INFO: Primitives created: 1
16:02:50 | INFO: Extracting primitive: Sphere.013
16:02:50 | INFO: Primitives created: 1
16:02:50 | INFO: Extracting primitive: Sphere.014
16:02:50 | INFO: Primitives created: 1
16:02:50 | INFO: Finished glTF 2.0 export in 0.04683232307434082 s

ASSET_METRICS={"asset":"pig","triangles":4544,"components":25,"dimensions_m":[1.35,0.75,0.48],"sha256":"ca6a25eb8219ca1805085f9a2a2452e51b93b7c51c94c64e51fe3ac6adfb98bc"}
Blender 5.2.0 LTS (hash fbe6228777e7 built 2026-07-14 01:31:22)

Blender quit
